[pgo-site.xyz/insertpvp/public/d/1-manual-do-servidor.html]
[backblue.gif]
[fade.gif]
[index.html]
[pgo-site.xyz/insertpvp/public/assets/forum96fa.css]
[pgo-site.xyz/insertpvp/public/assets/forum9e64.js]
[pgo-site.xyz/insertpvp/public/assets/forum-en82c7.js]
[pgo-site.xyz/insertpvp/public/assets/favicon-lw9wukkw.png]
[pgo-site.xyz/insertpvp/public/assets/logo-i4yoh8fz.png]
[pgo-site.xyz/insertpvp/public/d/1-manual-do-servidor.html]
[pgo-site.xyz/insertpvp/public/assets/fonts/fa-brands-400.eot]
[pgo-site.xyz/insertpvp/public/assets/fonts/fa-brands-400d41d.eot]
[pgo-site.xyz/insertpvp/public/assets/fonts/fa-brands-400.woff2]
[pgo-site.xyz/insertpvp/public/assets/fonts/fa-brands-400.woff]
[pgo-site.xyz/insertpvp/public/assets/fonts/fa-brands-400.ttf]
[pgo-site.xyz/insertpvp/public/assets/fonts/fa-brands-400.svg]
[pgo-site.xyz/insertpvp/public/assets/fonts/fa-regular-400.eot]
[pgo-site.xyz/insertpvp/public/assets/fonts/fa-regular-400d41d.eot]
[pgo-site.xyz/insertpvp/public/assets/fonts/fa-regular-400.woff2]
[pgo-site.xyz/insertpvp/public/assets/fonts/fa-regular-400.woff]
[pgo-site.xyz/insertpvp/public/assets/fonts/fa-regular-400.ttf]
[pgo-site.xyz/insertpvp/public/assets/fonts/fa-regular-400.svg]
[pgo-site.xyz/insertpvp/public/assets/fonts/fa-solid-900.eot]
[pgo-site.xyz/insertpvp/public/assets/fonts/fa-solid-900d41d.eot]
[pgo-site.xyz/insertpvp/public/assets/fonts/fa-solid-900.woff2]
[pgo-site.xyz/insertpvp/public/assets/fonts/fa-solid-900.woff]
[pgo-site.xyz/insertpvp/public/assets/fonts/fa-solid-900.ttf]
[pgo-site.xyz/insertpvp/public/assets/forum96fa.css]
[pgo-site.xyz/insertpvp/public/assets/fonts/fa-brands-400.svg]
[pgo-site.xyz/insertpvp/public/assets/fonts/fa-regular-400.svg]
[pgo-site.xyz/insertpvp/public/assets/fonts/fa-solid-900.svg]
[pgo-site.xyz/insertpvp/public/assets/fonts/fa-solid-900.svg]
